[backblue.gif]
[fade.gif]
[index.html]
[rscard.novembit.com/img/favicon.png]
[rscard.novembit.com/js/libs/modernizr.js]
[rscard.novembit.com/img/uploads/rs-photo-v2.jpg]
[rscard.novembit.com/img/uploads/thumb-78x56-1.jpg]
[rscard.novembit.com/img/uploads/thumb-78x56-2.jpg]
[rscard.novembit.com/img/uploads/thumb-78x56-3.jpg]
[rscard.novembit.com/img/uploads/rs-cover.jpg]
[rscard.novembit.com/img/uploads/rs-photo-v1.jpg]
[rscard.novembit.com/img/uploads/portfolio/portfolio-thumb-05-610x600.jpg]
[rscard.novembit.com/img/uploads/portfolio/portfolio-thumb-05-large.jpg]
[rscard.novembit.com/img/uploads/portfolio/portfolio-thumb-01-large.jpg]
[rscard.novembit.com/img/uploads/portfolio/portfolio-thumb-11-289x281.jpg]
[rscard.novembit.com/img/uploads/portfolio/portfolio-thumb-08-289x281.jpg]
[rscard.novembit.com/img/uploads/portfolio/portfolio-thumb-08-large.jpg]
[rscard.novembit.com/img/uploads/portfolio/portfolio-thumb-04-large.jpg]
[rscard.novembit.com/img/uploads/portfolio/portfolio-thumb-02-large.jpg]
[rscard.novembit.com/img/uploads/logos/logo-envato.png]
[rscard.novembit.com/img/uploads/logos/logo-angularjs.png]
[rscard.novembit.com/img/uploads/logos/logo-teaspoon.png]
[rscard.novembit.com/img/uploads/logos/logo-wordpress.png]
[rscard.novembit.com/img/uploads/logos/logo-evernote.png]
[rscard.novembit.com/img/uploads/logos/logo-compass.png]
[rscard.novembit.com/img/uploads/logos/logo-bootstrap.png]
[rscard.novembit.com/img/uploads/logos/logo-jasmine.png]
[rscard.novembit.com/img/uploads/logos/logo-jquery.png]
[rscard.novembit.com/img/uploads/rs-avatar-60x60.jpg]
[rscard.novembit.com/img/uploads/thumb-449x286-1.jpg]
[rscard.novembit.com/img/uploads/thumb-449x286-5.jpg]
[rscard.novembit.com/img/uploads/rs-calendar-cover.jpg]
[ajax.googleapis.com/ajax/libs/jquery/1/jquery.js]
[rscard.novembit.com/js/site.min.js]
[rscard.novembit.com/index.html]
[rscard.novembit.com/fonts/map-icons/fonts/map-icons.eot]
[rscard.novembit.com/fonts/map-icons/fonts/map-icons.ttf]
[rscard.novembit.com/fonts/map-icons/fonts/map-icons.woff]
[rscard.novembit.com/fonts/map-icons/css/map-icons.min.css]
[rscard.novembit.com/fonts/icomoon/fonts/icomoon876d.eot]
[rscard.novembit.com/fonts/icomoon/fonts/icomoon876d.ttf]
[rscard.novembit.com/fonts/icomoon/fonts/icomoon876d.woff]
[rscard.novembit.com/fonts/icomoon/style.css]
[rscard.novembit.com/js/plugins/jquery.bxslider/images/bx_loader.gif]
[rscard.novembit.com/js/plugins/jquery.bxslider/images/controls.png]
[rscard.novembit.com/js/plugins/jquery.bxslider/jquery.bxslider.css]
[rscard.novembit.com/js/plugins/jquery.customscroll/mCSB_buttons.png]
[rscard.novembit.com/js/plugins/jquery.customscroll/jquery.mCustomScrollbar.min.css]
[rscard.novembit.com/js/plugins/jquery.mediaelement/bigplay.png]
[rscard.novembit.com/js/plugins/jquery.mediaelement/background.png]
[rscard.novembit.com/js/plugins/jquery.mediaelement/loading.gif]
[rscard.novembit.com/js/plugins/jquery.mediaelement/controls.png]
[rscard.novembit.com/js/plugins/jquery.mediaelement/jumpforward.png]
[rscard.novembit.com/js/plugins/jquery.mediaelement/skipback.png]
[rscard.novembit.com/js/plugins/jquery.mediaelement/mediaelementplayer.min.css]
[rscard.novembit.com/js/plugins/jquery.fancybox/fancybox_sprite.png]
[rscard.novembit.com/js/plugins/jquery.fancybox/fancybox_loading.gif]
[rscard.novembit.com/js/plugins/jquery.fancybox/blank.gif]
[rscard.novembit.com/js/plugins/jquery.fancybox/fancybox_overlay.png]
[rscard.novembit.com/js/plugins/jquery.fancybox/fancybox_sprite@2x.png]
[rscard.novembit.com/js/plugins/jquery.fancybox/fancybox_loading@2x.gif]
[rscard.novembit.com/js/plugins/jquery.fancybox/jquery.fancybox.css]
[rscard.novembit.com/js/plugins/jquery.owlcarousel/grabbing.png]
[rscard.novembit.com/js/plugins/jquery.owlcarousel/owl.carousel.css]
[rscard.novembit.com/js/plugins/jquery.owlcarousel/AjaxLoader.gif]
[rscard.novembit.com/js/plugins/jquery.owlcarousel/owl.theme.css]
[rscard.novembit.com/js/plugins/jquery.optionpanel/option-panel.css]
[rscard.novembit.com/img/ajax-loader.gif]
[rscard.novembit.com/img/fancybox_sprite.png]
[rscard.novembit.com/img/fancybox_sprite@2x.png]
[rscard.novembit.com/img/arrows.png]
[rscard.novembit.com/img/ajax-loader-dark.gif]
[rscard.novembit.com/img/overlay.png]
[rscard.novembit.com/style.css]
[rscard.novembit.com/colors/theme-color.css]
[rscard.novembit.com/img/uploads/thumb-449x286-2.jpg]
[rscard.novembit.com/img/uploads/thumb-449x286-3.jpg]
[rscard.novembit.com/img/uploads/thumb-449x286-4.jpg]
[rscard.novembit.com/img/uploads/thumb-449x286-6.jpg]
[rscard.novembit.com/img/uploads/thumb-449x286-7.jpg]
[rscard.novembit.com/img/uploads/thumb-449x286-8.jpg]
[rscard.novembit.com/category.html]
[rscard.novembit.com/img/uploads/rs-thumb-610x396.jpg]
[rscard.novembit.com/img/uploads/rs-thumb-509x319.jpg]
[rscard.novembit.com/img/rs-avatar-64x64.jpg]
[rscard.novembit.com/single-image.html]
[rscard.novembit.com/single-slider.html]
[rscard.novembit.com/img/uploads/media/echo-hereweare.jpg]
[rscard.novembit.com/img/uploads/media/echo-hereweare.mp4]
[rscard.novembit.com/img/uploads/media/echo-hereweare.webm]
[rscard.novembit.com/img/uploads/media/echo-hereweare.ogv]
[s7.addthis.com/js/300/addthis_widget.js]
[rscard.novembit.com/single-video.html]
[rscard.novembit.com/img/uploads/media/echo-hereweare.mp3]
[rscard.novembit.com/single-audio.html]
[rscard.novembit.com/single-vimeo.html]
[rscard.novembit.com/single-youtube.html]
[rscard.novembit.com/single-dailymotion.html]
[rscard.novembit.com/single.html]
[rscard.novembit.com/img/uploads/image-alignment-580x3001.jpg]
[rscard.novembit.com/img/uploads/image-alignment-150x1501.jpg]
[rscard.novembit.com/img/uploads/image-alignment-1200x40021.jpg]
[rscard.novembit.com/img/uploads/image-alignment-300x2001.jpg]
[rscard.novembit.com/typography.html]
[rscard.novembit.com/404.html]
[rscard.novembit.com/index-2.html]
[rscard.novembit.com/fonts/map-icons/fonts/map-icons.svg]
[rscard.novembit.com/fonts/icomoon/fonts/icomoon876d.svg]
[rscard.novembit.com/js/plugins/jquery.mediaelement/bigplay.svg]
[rscard.novembit.com/js/plugins/jquery.mediaelement/controls.svg]
[rscard.novembit.com/img/uploads/media/echo-hereweare.webm]
